// Jest Snapshot v1, https://goo.gl/fbAQLP

exports[`LoadingAnimation should match the snapshot 1`] = `
<div
  className="loading-animation"
/>
`;
