// Jest Snapshot v1, https://goo.gl/fbAQLP

exports[`TeacherStudentView should match the snapshot 1`] = `undefined`;
