// Jest Snapshot v1, https://goo.gl/fbAQLP

exports[`Staff should match the snapshot 1`] = `
<div
  className="staff-buffer"
>
  <section
    className="staff"
  >
    <p
      className="correct-answer undefined"
    >
      correct!
    </p>
    <p
      className="incorrect-answer undefined"
    >
      incorrect...
    </p>
    <div
      className="clef undefined"
    />
    <div
      className="pitch undefined"
    />
  </section>
  <NoteRow />
</div>
`;
