// Jest Snapshot v1, https://goo.gl/fbAQLP

exports[`PlayerEffect should match the snapshot 1`] = `
<div
  className="player-effect"
/>
`;
