// Jest Snapshot v1, https://goo.gl/fbAQLP

exports[`Hearts should match the snapshot 1`] = `
<section
  className="hearts undefined"
>
  <div
    className="heart"
    key="hello"
  />
</section>
`;
