// Jest Snapshot v1, https://goo.gl/fbAQLP

exports[`StudentClassView should match the snapshot 1`] = `
<div
  className="student-class-view-wrapper"
>
  <LoadingAnimation
    animals="cat"
  />
</div>
`;
