// Jest Snapshot v1, https://goo.gl/fbAQLP

exports[`Monster should match the snapshot 1`] = `
<div
  className="monster undefined"
  style={
    Object {
      "backgroundImage": "url(./spritesheets/monsters/monsterundefined.png)",
    }
  }
/>
`;
