// Jest Snapshot v1, https://goo.gl/fbAQLP

exports[`Onboarding should match the snapshot 1`] = `
<main
  className="onboarding"
>
  <h3
    className="skip-to-dash"
    onClick={[Function]}
  >
    skip
  </h3>
  <div
    className="arrow-left false"
    onClick={[Function]}
  />
  <div
    className="arrow-right true"
    onClick={[Function]}
  />
  <section
    className="article-wrapper"
  >
    <section
      className="article-row one"
    >
      <OnboardingArticle
        data={
          Object {
            "content": "In Pitch Battles, musicians can test their pitch-naming mettle in combat against beasts of the wilds.",
            "imageUrl": "./images/battle-ob.png",
            "key": "intro",
          }
        }
        key="intro"
      />
      <OnboardingArticle
        data={
          Object {
            "content": "Before charing in, students are encouraged to join a class on the student dashboard by clicking on the 'join a class' link and entering the key given to them by their teacher.",
            "imageUrl": "./images/join-class-ob.png",
            "key": "join-class",
          }
        }
        key="join-class"
      />
      <OnboardingArticle
        data={
          Object {
            "content": "To play pitch battle, choose your instrument from the menu and click 'to battle!'.",
            "imageUrl": "./images/db-ob.png",
            "key": "start-game",
          }
        }
        key="start-game"
      />
      <OnboardingArticle
        data={
          Object {
            "content": "Once the game begins, you will be shown a staff with a single note. Identify it corrently by either clicking the pitch name or by entering it on the keyboard an you will strike the beast!",
            "imageUrl": "./images/pitch-ob.png",
            "key": "play-the-game",
          }
        }
        key="play-the-game"
      />
      <OnboardingArticle
        data={
          Object {
            "content": "Guess incorrectly and the beast will strike you. Each hit results in a lost heart. Knock out all the beast's hearts to advance to the next level. Lose all your hearts and it's game over...",
            "imageUrl": "./images/main-game-ob.png",
            "key": "game-description",
          }
        }
        key="game-description"
      />
      <OnboardingArticle
        data={
          Object {
            "content": "Playing games, beating levels, and improving your times will earn you badges. View your badges on your dashboard or see your entire class's progress on the class page (accessed from the dashboard)",
            "imageUrl": "./images/db-ob.png",
            "key": "badges-description",
          }
        }
        key="badges-description"
      />
    </section>
  </section>
  <div
    className="dots-wrapper"
  >
    <div
      className="dots one"
    />
  </div>
</main>
`;
