// Jest Snapshot v1, https://goo.gl/fbAQLP

exports[`GameOver should match the snapshot 1`] = `
<section
  className="game-over"
>
  <h4
    className="game-over-text"
  >
    GAME OVER
  </h4>
  <p
    className="exit-message"
  >
    click here to exit...
  </p>
</section>
`;
