// Jest Snapshot v1, https://goo.gl/fbAQLP

exports[`LoadingAnimation should match the snapshot 1`] = `
<section
  className="loading-animation-wrapper"
>
  <div
    className="circle-border"
  />
  <div
    className="loading-animation"
  >
    <div />
    <div
      className="walkway undefined"
    />
    <div
      className="cloud1"
    />
    <div
      className="cloud2"
    />
  </div>
</section>
`;
